// Jest Snapshot v1, https://goo.gl/fbAQLP

exports[`Block tests Renders correctly 1`] = `
<div
  className="results visible"
>
  <div
    className="main-block"
  >
    <h3
      className="data-piece loading loaded"
      id="h3-main"
    >
      BLOCK HEIGHT
    </h3>
    <span
      className="data-piece loading loaded"
      id="search-result"
    >
      11
    </span>
    <a
      className="data-piece loading loaded balance"
      id="data-main"
    >
      <time
        dateTime="2018-05-18T14:12:00.000Z"
        title="2018-05-18 14:12"
      >
        2 days ago
      </time>
    </a>
    <span
      className="data-piece loading loaded result-block-hash"
    >
      # 
      88dc76d2e76872190edaa55c1d024c321c49b077224c0c5d5dbfd89da165a3a9
    </span>
    <h3
      className="data-piece loading loaded"
      id="h3-secondary"
    >
      TRANSACTIONS
    </h3>
  </div>
  <div
    className="scrollable-wrapper"
  >
    <div
      itemRenderer={[Function]}
      length={2}
      pageSize={1}
    />
  </div>
</div>
`;
